Initialized native services in: C:\Users\shiva\.gradle\native
Initialized jansi services in: C:\Users\shiva\.gradle\native
Found daemon DaemonInfo{pid=10656, address=[304bcec7-af2f-4812-8fbe-bda970ea4b07 port:51852, addresses:[/127.0.0.1]], state=Idle, lastBusy=1765721372374, context=DefaultDaemonContext[uid=9a177467-f037-4c56-b445-a9ae3ba1f8b9,javaHome=C:\Users\shiva\.antigravity\extensions\redhat.java-1.50.0-win32-x64\jre\21.0.9-win32-x86_64,javaVersion=21,javaVendor=Eclipse Adoptium,daemonRegistryDir=C:\Users\shiva\.gradle\daemon,pid=10656,idleTimeout=10800000,priority=NORMAL,applyInstrumentationAgent=true,nativeServicesMode=ENABLED,daemonOpts=-XX:MaxMetaspaceSize=384m,-XX:+HeapDumpOnOutOfMemoryError,-Xms256m,-Xmx512m,-Dfile.encoding=UTF-8,-Duser.country=IN,-Duser.language=en,-Duser.variant]} however its context does not match the desired criteria.
JVM is incompatible.
Wanted: DaemonRequestContext{jvmCriteria=C:\Program Files\Java\jdk-21 (no JDK specified, using current Java home), daemonOpts=[-XX:MaxMetaspaceSize=384m, -XX:+HeapDumpOnOutOfMemoryError, -Xms256m, -Xmx512m, -Dfile.encoding=UTF-8, -Duser.country=IN, -Duser.language=en, -Duser.variant], applyInstrumentationAgent=true, nativeServicesMode=ENABLED, priority=NORMAL}
Actual: DefaultDaemonContext[uid=9a177467-f037-4c56-b445-a9ae3ba1f8b9,javaHome=C:\Users\shiva\.antigravity\extensions\redhat.java-1.50.0-win32-x64\jre\21.0.9-win32-x86_64,javaVersion=21,javaVendor=Eclipse Adoptium,daemonRegistryDir=C:\Users\shiva\.gradle\daemon,pid=10656,idleTimeout=10800000,priority=NORMAL,applyInstrumentationAgent=true,nativeServicesMode=ENABLED,daemonOpts=-XX:MaxMetaspaceSize=384m,-XX:+HeapDumpOnOutOfMemoryError,-Xms256m,-Xmx512m,-Dfile.encoding=UTF-8,-Duser.country=IN,-Duser.language=en,-Duser.variant]

  Looking for a different daemon...
The client will now receive all logging from the daemon (pid: 18056). The daemon log file: C:\Users\shiva\.gradle\daemon\9.1.0\daemon-18056.out.log
Starting 5th build in daemon [uptime: 4 mins 55.37 secs, performance: 100%, GC rate: 0.00/s, heap usage: 0% of 512 MiB, non-heap usage: 21% of 384 MiB]
Using 8 worker leases.
Now considering [C:\Users\shiva\Desktop\CodeContext] as hierarchies to watch
Watching the file system is configured to be enabled if available
File system watching is active
Starting Build
Settings evaluated using settings file 'C:\Users\shiva\Desktop\CodeContext\settings.gradle.kts'.
Projects loaded. Root project using build file 'C:\Users\shiva\Desktop\CodeContext\build.gradle.kts'.
Included projects: [root project 'codecontext']

> Configure project :
Evaluating root project 'codecontext' using build file 'C:\Users\shiva\Desktop\CodeContext\build.gradle.kts'.
Resolved plugin [id: 'org.jetbrains.kotlin.jvm', version: '2.1.0']
Resolved plugin [id: 'org.jetbrains.kotlin.plugin.serialization', version: '2.1.0']
Resolved plugin [id: 'org.gradle.application']
Using Kotlin Gradle Plugin gradle85 variant
kotlin scripting plugin: created the scripting discovery configuration: kotlinScriptDef
kotlin scripting plugin: created the scripting discovery configuration: testKotlinScriptDef
All projects evaluated.
Task name matched 'test'
Selected primary task 'test' from project :
Tasks to be executed: [task ':checkKotlinGradlePluginConfigurationErrors', task ':compileKotlin', task ':compileJava', task ':processResources', task ':classes', task ':jar', task ':compileTestKotlin', task ':compileTestJava', task ':processTestResources', task ':testClasses', task ':test']
Tasks that were excluded: []
Resolve mutations for :checkKotlinGradlePluginConfigurationErrors (Thread[#405,Execution worker,5,main]) started.
:checkKotlinGradlePluginConfigurationErrors (Thread[#405,Execution worker,5,main]) started.

> Task :checkKotlinGradlePluginConfigurationErrors SKIPPED
Skipping task ':checkKotlinGradlePluginConfigurationErrors' as task onlyIf 'errorDiagnostics are present' is false.
Resolve mutations for :compileKotlin (Thread[#405,Execution worker,5,main]) started.
:compileKotlin (Thread[#405,Execution worker,5,main]) started.

> Task :compileKotlin UP-TO-DATE
Caching disabled for task ':compileKotlin' because:
  Build cache is disabled
Skipping task ':compileKotlin' as it is up-to-date.
Resolve mutations for :compileJava (Thread[#405,Execution worker,5,main]) started.
:compileJava (Thread[#410,Execution worker Thread 6,5,main]) started.

> Task :compileJava NO-SOURCE
Skipping task ':compileJava' as it has no source files and no previous output files.
Resolve mutations for :processResources (Thread[#410,Execution worker Thread 6,5,main]) started.
:processResources (Thread[#410,Execution worker Thread 6,5,main]) started.

> Task :processResources UP-TO-DATE
Caching disabled for task ':processResources' because:
  Build cache is disabled
  Not worth caching
Skipping task ':processResources' as it is up-to-date.
Resolve mutations for :classes (Thread[#410,Execution worker Thread 6,5,main]) started.
:classes (Thread[#410,Execution worker Thread 6,5,main]) started.

> Task :classes UP-TO-DATE
Skipping task ':classes' as it has no actions.
Resolve mutations for :jar (Thread[#410,Execution worker Thread 6,5,main]) started.
:jar (Thread[#410,Execution worker Thread 6,5,main]) started.

> Task :jar UP-TO-DATE
Caching disabled for task ':jar' because:
  Build cache is disabled
  Not worth caching
Skipping task ':jar' as it is up-to-date.
Resolve mutations for :compileTestKotlin (Thread[#410,Execution worker Thread 6,5,main]) started.
:compileTestKotlin (Thread[#410,Execution worker Thread 6,5,main]) started.

> Task :compileTestKotlin UP-TO-DATE
Caching disabled for task ':compileTestKotlin' because:
  Build cache is disabled
Skipping task ':compileTestKotlin' as it is up-to-date.
Resolve mutations for :compileTestJava (Thread[#410,Execution worker Thread 6,5,main]) started.
:compileTestJava (Thread[#410,Execution worker Thread 6,5,main]) started.

> Task :compileTestJava NO-SOURCE
Skipping task ':compileTestJava' as it has no source files and no previous output files.
Resolve mutations for :processTestResources (Thread[#409,Execution worker Thread 5,5,main]) started.
:processTestResources (Thread[#409,Execution worker Thread 5,5,main]) started.

> Task :processTestResources NO-SOURCE
Skipping task ':processTestResources' as it has no source files and no previous output files.
Resolve mutations for :testClasses (Thread[#409,Execution worker Thread 5,5,main]) started.
:testClasses (Thread[#409,Execution worker Thread 5,5,main]) started.

> Task :testClasses UP-TO-DATE
Skipping task ':testClasses' as it has no actions.
Resolve mutations for :test (Thread[#410,Execution worker Thread 6,5,main]) started.
:test (Thread[#410,Execution worker Thread 6,5,main]) started.
Gradle Test Executor 3 started executing tests.

> Task :test
Caching disabled for task ':test' because:
  Build cache is disabled
Task ':test' is not up-to-date because:
  Task has failed previously.
file or directory 'C:\Users\shiva\Desktop\CodeContext\build\classes\java\test', not found
Starting process 'Gradle Test Executor 3'. Working directory: C:\Users\shiva\Desktop\CodeContext Command: C:\Program Files\Java\jdk-21\bin\java.exe -Dorg.gradle.internal.worker.tmpdir=C:\Users\shiva\Desktop\CodeContext\build\tmp\test\work @C:\Users\shiva\.gradle\.tmp\gradle-worker-classpath17683778256544795510txt -Xmx512m -Dfile.encoding=UTF-8 -Duser.country=IN -Duser.language=en -Duser.variant -ea worker.org.gradle.process.internal.worker.GradleWorkerMain 'Gradle Test Executor 3'
Successfully started process 'Gradle Test Executor 3'

BackendVerificationTest > verify backend logic on self() STANDARD_OUT
    Scanning C:\Users\shiva\Desktop\CodeContext\....
    Parsing 74 files...
    Building graph...
    Graph has 74 vertices and 98 edges

Gradle Test Executor 3 finished executing tests.

> Task :test FAILED

BackendVerificationTest > verify backend logic on self() FAILED
    org.opentest4j.AssertionFailedError: Should have edge from ImprovedAnalyzeCommand to RobustDependencyGraph ==> expected: <true> but was: <false>
        at app//org.junit.jupiter.api.AssertionFailureBuilder.build(AssertionFailureBuilder.java:151)
        at app//org.junit.jupiter.api.AssertionFailureBuilder.buildAndThrow(AssertionFailureBuilder.java:132)
        at app//org.junit.jupiter.api.AssertTrue.failNotTrue(AssertTrue.java:63)
        at app//org.junit.jupiter.api.AssertTrue.assertTrue(AssertTrue.java:36)
        at app//org.junit.jupiter.api.Assertions.assertTrue(Assertions.java:214)
        at app//com.codecontext.verification.BackendVerificationTest.verify backend logic on self(BackendVerificationTest.kt:61)
Finished generating test XML results (0.004 secs) into: C:\Users\shiva\Desktop\CodeContext\build\test-results\test
Generating HTML test report...
Finished generating test html results (0.008 secs) into: C:\Users\shiva\Desktop\CodeContext\build\reports\tests\test
5 actionable tasks: 1 executed, 4 up-to-date
Watched directory hierarchies: [C:\Users\shiva\Desktop\CodeContext]
